// Jest Snapshot v1, https://goo.gl/fbAQLP

exports[`Mission Element Tests renders correctly 1`] = `
<div>
  <table
    className="table table table-sm table-striped table-bordered table-hover"
  >
    <thead>
      <tr>
        <th>
          Mission
        </th>
        <th>
          Description
        </th>
        <th>
          Status
        </th>
        <th />
      </tr>
    </thead>
    <tbody />
  </table>
</div>
`;

exports[`Rocket Element Tests renders correctly 1`] = `
<div>
  <table
    className="table table table-sm table-striped table-bordered table-hover"
  >
    <thead>
      <tr>
        <th>
          Mission
        </th>
        <th>
          Description
        </th>
        <th>
          Status
        </th>
        <th />
      </tr>
    </thead>
    <tbody />
  </table>
</div>
`;
